// Jest Snapshot v1, https://goo.gl/fbAQLP

exports[`Tooltip should render correctly 1`] = `
<a
  className="tooltip"
  href="#"
>
  <svg
    aria-hidden="true"
    className="MuiSvgIcon-root-1"
    focusable="false"
    role="presentation"
    viewBox="0 0 24 24"
  >
    <path
      d="M0 0h24v24H0z"
      fill="none"
    />
    <path
      d="M12 2C6.48 2 2 6.48 2 12s4.48 10 10 10 10-4.48 10-10S17.52 2 12 2zm1 15h-2v-6h2v6zm0-8h-2V7h2v2z"
    />
  </svg>
  <span
    className="tooltip-content"
  >
    <span
      className="tooltip-text"
    >
      <span
        className="tooltip-inner"
      >
        <span
          className="wd"
        >
          green
        </span>
        this is an adjective
        <br />
        <span
          className="wd"
        >
          dog
        </span>
        this is a noun
      </span>
    </span>
  </span>
</a>
`;
